user@ODM-LT-TY-01 MINGW64 ~/Desktop/project (master)
$ git init
Initialized empty Git repository in C:/Users/user/Desktop/project/.git/

user@ODM-LT-TY-01 MINGW64 ~/Desktop/project (master)
$ git status
On branch master

No commits yet

Untracked files:
  (use "git add <file>..." to include in what will be committed)
        file1.txt

nothing added to commit but untracked files present (use "git add" to track)

user@ODM-LT-TY-01 MINGW64 ~/Desktop/project (master)
$ git add file1.txt

user@ODM-LT-TY-01 MINGW64 ~/Desktop/project (master)
$ git status
On branch master

No commits yet

Changes to be committed:
  (use "git rm --cached <file>..." to unstage)
        new file:   file1.txt


user@ODM-LT-TY-01 MINGW64 ~/Desktop/project (master)
$ git log
fatal: your current branch 'master' does not have any commits yet

user@ODM-LT-TY-01 MINGW64 ~/Desktop/project (master)
$ git config --global user.name "raju12345-wq"

user@ODM-LT-TY-01 MINGW64 ~/Desktop/project (master)
$ git status
On branch master

No commits yet

Changes to be committed:
  (use "git rm --cached <file>..." to unstage)
        new file:   file1.txt


user@ODM-LT-TY-01 MINGW64 ~/Desktop/project (master)
$ git config --global user.email "rajusry132@gmail.com"

user@ODM-LT-TY-01 MINGW64 ~/Desktop/project (master)
$ git status
On branch master

No commits yet

Changes to be committed:
  (use "git rm --cached <file>..." to unstage)
        new file:   file1.txt


user@ODM-LT-TY-01 MINGW64 ~/Desktop/project (master)
$ git commit -m "Initial commit"
[master (root-commit) 5946557] Initial commit
 1 file changed, 1 insertion(+)
 create mode 100644 file1.txt

user@ODM-LT-TY-01 MINGW64 ~/Desktop/project (master)
$ git status
On branch master
nothing to commit, working tree clean

user@ODM-LT-TY-01 MINGW64 ~/Desktop/project (master)
$ git log
commit 5946557fb35030da80caf8a36e8e5b654999d98e (HEAD -> master)
Author: raju12345-wq <rajusry132@gmail.com>
Date:   Sun Sep 27 14:13:35 2020 +0530

    Initial commit

user@ODM-LT-TY-01 MINGW64 ~/Desktop/project (master)
$ git remote -v

user@ODM-LT-TY-01 MINGW64 ~/Desktop/project (master)
$ $ git origin add
bash: $: command not found

user@ODM-LT-TY-01 MINGW64 ~/Desktop/project (master)
$ git remote add origin https://github.com/raju12345-wq/

user@ODM-LT-TY-01 MINGW64 ~/Desktop/project (master)
$ git remote -v
origin  https://github.com/raju12345-wq/ (fetch)
origin  https://github.com/raju12345-wq/ (push)

user@ODM-LT-TY-01 MINGW64 ~/Desktop/project (master)
$ git push origin master
remote: Not Found
fatal: repository 'https://github.com/raju12345-wq/' not found

user@ODM-LT-TY-01 MINGW64 ~/Desktop/project (master)
$ git log
commit 5946557fb35030da80caf8a36e8e5b654999d98e (HEAD -> master)
Author: raju12345-wq <rajusry132@gmail.com>
Date:   Sun Sep 27 14:13:35 2020 +0530

    Initial commit

user@ODM-LT-TY-01 MINGW64 ~/Desktop/project (master)
$ git push origin master raju12345-wq
error: src refspec raju12345-wq does not match any
error: failed to push some refs to 'https://github.com/raju12345-wq/'

user@ODM-LT-TY-01 MINGW64 ~/Desktop/project (master)
$ git remote -v
origin  https://github.com/raju12345-wq/ (fetch)
origin  https://github.com/raju12345-wq/ (push)

user@ODM-LT-TY-01 MINGW64 ~/Desktop/project (master)
$ git remove origin
git: 'remove' is not a git command. See 'git --help'.

The most similar command is
        remote

user@ODM-LT-TY-01 MINGW64 ~/Desktop/project (master)
$ git remote remove origin

user@ODM-LT-TY-01 MINGW64 ~/Desktop/project (master)
$ git remove origin
git: 'remove' is not a git command. See 'git --help'.

The most similar command is
        remote

user@ODM-LT-TY-01 MINGW64 ~/Desktop/project (master)
$ git remote -v

user@ODM-LT-TY-01 MINGW64 ~/Desktop/project (master)
$ git remote add origin https://github.com/raju12345-wq/project.git

user@ODM-LT-TY-01 MINGW64 ~/Desktop/project (master)
$ git remote -v
origin  https://github.com/raju12345-wq/project.git (fetch)
origin  https://github.com/raju12345-wq/project.git (push)

user@ODM-LT-TY-01 MINGW64 ~/Desktop/project (master)
$ git status
On branch master
nothing to commit, working tree clean

user@ODM-LT-TY-01 MINGW64 ~/Desktop/project (master)
$ git push origin master raju12345-wq
error: src refspec raju12345-wq does not match any
error: failed to push some refs to 'https://github.com/raju12345-wq/project.git'

user@ODM-LT-TY-01 MINGW64 ~/Desktop/project (master)
$ git push origin master
Enumerating objects: 3, done.
Counting objects: 100% (3/3), done.
Writing objects: 100% (3/3), 217 bytes | 217.00 KiB/s, done.
Total 3 (delta 0), reused 0 (delta 0), pack-reused 0
To https://github.com/raju12345-wq/project.git
 * [new branch]      master -> master

user@ODM-LT-TY-01 MINGW64 ~/Desktop/project (master)
$ git status
On branch master
Untracked files:
  (use "git add <file>..." to include in what will be committed)
        file2.txt

nothing added to commit but untracked files present (use "git add" to track)

user@ODM-LT-TY-01 MINGW64 ~/Desktop/project (master)
$ git add -- all
fatal: pathspec 'all' did not match any files

user@ODM-LT-TY-01 MINGW64 ~/Desktop/project (master)
$ git add --all

user@ODM-LT-TY-01 MINGW64 ~/Desktop/project (master)
$ git status
On branch master
Changes to be committed:
  (use "git restore --staged <file>..." to unstage)
        new file:   file2.txt


user@ODM-LT-TY-01 MINGW64 ~/Desktop/project (master)
$ git commit -m "file2.txt"
[master 44dbb4e] file2.txt
 1 file changed, 0 insertions(+), 0 deletions(-)
 create mode 100644 file2.txt

user@ODM-LT-TY-01 MINGW64 ~/Desktop/project (master)
$ git status
On branch master
nothing to commit, working tree clean

user@ODM-LT-TY-01 MINGW64 ~/Desktop/project (master)
$ git push origin master
Enumerating objects: 4, done.
Counting objects: 100% (4/4), done.
Delta compression using up to 4 threads
Compressing objects: 100% (2/2), done.
Writing objects: 100% (3/3), 271 bytes | 271.00 KiB/s, done.
Total 3 (delta 0), reused 0 (delta 0), pack-reused 0
To https://github.com/raju12345-wq/project.git
   5946557..44dbb4e  master -> master

user@ODM-LT-TY-01 MINGW64 ~/Desktop/project (master)
$
